[theme-vessel-templates.theme-vessel.ey.r.appspot.com/jobb/index.html]
[backblue.gif]
[fade.gif]
[index.html]
[theme-vessel-templates.theme-vessel.ey.r.appspot.com/jobb/img/favicon.ico]
[theme-vessel-templates.theme-vessel.ey.r.appspot.com/jobb/js/ie-emulation-modes-warning.js]
[theme-vessel-templates.theme-vessel.ey.r.appspot.com/jobb/index-2.html]
[theme-vessel-templates.theme-vessel.ey.r.appspot.com/jobb/img/logos/black-logo.png]
[theme-vessel-templates.theme-vessel.ey.r.appspot.com/jobb/index-3.html]
[theme-vessel-templates.theme-vessel.ey.r.appspot.com/jobb/index-4.html]
[theme-vessel-templates.theme-vessel.ey.r.appspot.com/jobb/candidate-list.html]
[theme-vessel-templates.theme-vessel.ey.r.appspot.com/jobb/candidate-details.html]
[theme-vessel-templates.theme-vessel.ey.r.appspot.com/jobb/add-resume.html]
[theme-vessel-templates.theme-vessel.ey.r.appspot.com/jobb/employer-dashboard.html]
[theme-vessel-templates.theme-vessel.ey.r.appspot.com/jobb/dashboard.html]
[theme-vessel-templates.theme-vessel.ey.r.appspot.com/jobb/edit-profile.html]
[theme-vessel-templates.theme-vessel.ey.r.appspot.com/jobb/bookmark.html]
[theme-vessel-templates.theme-vessel.ey.r.appspot.com/jobb/applied.html]
[theme-vessel-templates.theme-vessel.ey.r.appspot.com/jobb/messages.html]
[theme-vessel-templates.theme-vessel.ey.r.appspot.com/jobb/alerts.html]
[theme-vessel-templates.theme-vessel.ey.r.appspot.com/jobb/transaction.html]
[theme-vessel-templates.theme-vessel.ey.r.appspot.com/jobb/employer-list.html]
[theme-vessel-templates.theme-vessel.ey.r.appspot.com/jobb/employer-details.html]
[theme-vessel-templates.theme-vessel.ey.r.appspot.com/jobb/employer-dashboard-post-job.html]
[theme-vessel-templates.theme-vessel.ey.r.appspot.com/jobb/employer-dashboard-edit-profile.html]
[theme-vessel-templates.theme-vessel.ey.r.appspot.com/jobb/employer-dashboard-manage-job.html]
[theme-vessel-templates.theme-vessel.ey.r.appspot.com/jobb/employer-dashboard-manage-candidate.html]
[theme-vessel-templates.theme-vessel.ey.r.appspot.com/jobb/employer-dashboard-messages.html]
[theme-vessel-templates.theme-vessel.ey.r.appspot.com/jobb/employer-dashboard-transaction.html]
[theme-vessel-templates.theme-vessel.ey.r.appspot.com/jobb/job-list.html]
[theme-vessel-templates.theme-vessel.ey.r.appspot.com/jobb/job-details.html]
[theme-vessel-templates.theme-vessel.ey.r.appspot.com/jobb/about.html]
[theme-vessel-templates.theme-vessel.ey.r.appspot.com/jobb/pricing-plan.html]
[theme-vessel-templates.theme-vessel.ey.r.appspot.com/jobb/terms-and-condition.html]
[theme-vessel-templates.theme-vessel.ey.r.appspot.com/jobb/how-it-work.html]
[theme-vessel-templates.theme-vessel.ey.r.appspot.com/jobb/invoices.html]
[theme-vessel-templates.theme-vessel.ey.r.appspot.com/jobb/contact.html]
[theme-vessel-templates.theme-vessel.ey.r.appspot.com/jobb/gallery.html]
[theme-vessel-templates.theme-vessel.ey.r.appspot.com/jobb/typography.html]
[theme-vessel-templates.theme-vessel.ey.r.appspot.com/jobb/checkout.html]
[theme-vessel-templates.theme-vessel.ey.r.appspot.com/jobb/faq.html]
[theme-vessel-templates.theme-vessel.ey.r.appspot.com/jobb/icon.html]
[theme-vessel-templates.theme-vessel.ey.r.appspot.com/jobb/coming-soon.html]
[theme-vessel-templates.theme-vessel.ey.r.appspot.com/jobb/login.html]
[theme-vessel-templates.theme-vessel.ey.r.appspot.com/jobb/404.html]
[theme-vessel-templates.theme-vessel.ey.r.appspot.com/jobb/blog-columns-1.html]
[theme-vessel-templates.theme-vessel.ey.r.appspot.com/jobb/blog-columns-2.html]
[theme-vessel-templates.theme-vessel.ey.r.appspot.com/jobb/blog-columns-3.html]
[theme-vessel-templates.theme-vessel.ey.r.appspot.com/jobb/blog-details.html]
[theme-vessel-templates.theme-vessel.ey.r.appspot.com/jobb/img/banner/banner-2.jpg]
[theme-vessel-templates.theme-vessel.ey.r.appspot.com/jobb/img/company-logo/logo-1.png]
[theme-vessel-templates.theme-vessel.ey.r.appspot.com/jobb/img/company-logo/logo-3.png]
[theme-vessel-templates.theme-vessel.ey.r.appspot.com/jobb/img/company-logo/logo-2.png]
[theme-vessel-templates.theme-vessel.ey.r.appspot.com/jobb/img/company-logo/logo-4.png]
[theme-vessel-templates.theme-vessel.ey.r.appspot.com/jobb/img/company-logo/logo-5.png]
[theme-vessel-templates.theme-vessel.ey.r.appspot.com/jobb/img/avatar/avatar-2.jpg]
[theme-vessel-templates.theme-vessel.ey.r.appspot.com/jobb/img/avatar/avatar-3.jpg]
[theme-vessel-templates.theme-vessel.ey.r.appspot.com/jobb/img/avatar/avatar-4.jpg]
[theme-vessel-templates.theme-vessel.ey.r.appspot.com/jobb/img/avatar/avatar-1.jpg]
[theme-vessel-templates.theme-vessel.ey.r.appspot.com/jobb/img/brand/brand-1.png]
[theme-vessel-templates.theme-vessel.ey.r.appspot.com/jobb/img/brand/brand-2.png]
[theme-vessel-templates.theme-vessel.ey.r.appspot.com/jobb/img/brand/brand-3.png]
[theme-vessel-templates.theme-vessel.ey.r.appspot.com/jobb/img/brand/brand-4.png]
[theme-vessel-templates.theme-vessel.ey.r.appspot.com/jobb/img/blog/blog-2.jpg]
[theme-vessel-templates.theme-vessel.ey.r.appspot.com/jobb/img/blog/blog-3.jpg]
[theme-vessel-templates.theme-vessel.ey.r.appspot.com/jobb/img/blog/blog-1.jpg]
[theme-vessel-templates.theme-vessel.ey.r.appspot.com/jobb/img/logos/logo.png]
[theme-vessel-templates.theme-vessel.ey.r.appspot.com/jobb/js/jquery-2.2.0.min.js]
[theme-vessel-templates.theme-vessel.ey.r.appspot.com/jobb/js/popper.min.js]
[theme-vessel-templates.theme-vessel.ey.r.appspot.com/jobb/js/bootstrap.min.js]
[theme-vessel-templates.theme-vessel.ey.r.appspot.com/jobb/js/bootstrap-submenu.js]
[theme-vessel-templates.theme-vessel.ey.r.appspot.com/jobb/js/rangeslider.js]
[theme-vessel-templates.theme-vessel.ey.r.appspot.com/jobb/js/jquery.mb.YTPlayer.js]
[theme-vessel-templates.theme-vessel.ey.r.appspot.com/jobb/js/bootstrap-select.min.js]
[theme-vessel-templates.theme-vessel.ey.r.appspot.com/jobb/js/jquery.easing.1.3.js]
[theme-vessel-templates.theme-vessel.ey.r.appspot.com/jobb/js/jquery.scrollUp.js]
[theme-vessel-templates.theme-vessel.ey.r.appspot.com/jobb/js/jquery.mCustomScrollbar.concat.min.js]
[theme-vessel-templates.theme-vessel.ey.r.appspot.com/jobb/js/leaflet.js]
[theme-vessel-templates.theme-vessel.ey.r.appspot.com/jobb/js/leaflet-providers.js]
[theme-vessel-templates.theme-vessel.ey.r.appspot.com/jobb/js/leaflet.markercluster.js]
[theme-vessel-templates.theme-vessel.ey.r.appspot.com/jobb/js/moment.min.js]
[theme-vessel-templates.theme-vessel.ey.r.appspot.com/jobb/js/daterangepicker.min.js]
[theme-vessel-templates.theme-vessel.ey.r.appspot.com/jobb/js/dropzone.js]
[theme-vessel-templates.theme-vessel.ey.r.appspot.com/jobb/js/slick.min.js]
[theme-vessel-templates.theme-vessel.ey.r.appspot.com/jobb/js/jquery.filterizr.js]
[theme-vessel-templates.theme-vessel.ey.r.appspot.com/jobb/js/jquery.magnific-popup.min.js]
[theme-vessel-templates.theme-vessel.ey.r.appspot.com/jobb/js/jquery.countdown.js]
[theme-vessel-templates.theme-vessel.ey.r.appspot.com/jobb/js/maps.js]
[theme-vessel-templates.theme-vessel.ey.r.appspot.com/jobb/js/app.js]
[theme-vessel-templates.theme-vessel.ey.r.appspot.com/jobb/js/ie10-viewport-bug-workaround.js]
[theme-vessel-templates.theme-vessel.ey.r.appspot.com/jobb/index.html]
[www.googletagmanager.com/gtm5445.html]
[theme-vessel-templates.theme-vessel.ey.r.appspot.com/jobb/css/bootstrap.min.css]
[theme-vessel-templates.theme-vessel.ey.r.appspot.com/jobb/css/animate.min.css]
[theme-vessel-templates.theme-vessel.ey.r.appspot.com/jobb/css/bootstrap-submenu.css]
[theme-vessel-templates.theme-vessel.ey.r.appspot.com/jobb/css/bootstrap-select.min.css]
[theme-vessel-templates.theme-vessel.ey.r.appspot.com/jobb/css/magnific-popup.css]
[theme-vessel-templates.theme-vessel.ey.r.appspot.com/jobb/css/daterangepicker.css]
[theme-vessel-templates.theme-vessel.ey.r.appspot.com/jobb/css/leaflet.css]
[theme-vessel-templates.theme-vessel.ey.r.appspot.com/jobb/css/map.css]
[theme-vessel-templates.theme-vessel.ey.r.appspot.com/jobb/fonts/font-awesome/fonts/fontawesome-webfont3e6e.eot]
[theme-vessel-templates.theme-vessel.ey.r.appspot.com/jobb/fonts/font-awesome/fonts/fontawesome-webfontd41d.eot]
[theme-vessel-templates.theme-vessel.ey.r.appspot.com/jobb/fonts/font-awesome/fonts/fontawesome-webfont3e6e.woff2]
[theme-vessel-templates.theme-vessel.ey.r.appspot.com/jobb/fonts/font-awesome/fonts/fontawesome-webfont3e6e.woff]
[theme-vessel-templates.theme-vessel.ey.r.appspot.com/jobb/fonts/font-awesome/fonts/fontawesome-webfont3e6e.ttf]
[theme-vessel-templates.theme-vessel.ey.r.appspot.com/jobb/fonts/font-awesome/fonts/fontawesome-webfont3e6e.svg]
[theme-vessel-templates.theme-vessel.ey.r.appspot.com/jobb/fonts/font-awesome/css/font-awesome.min.css]
[theme-vessel-templates.theme-vessel.ey.r.appspot.com/jobb/fonts/flaticon/font/Flaticon.eot]
[theme-vessel-templates.theme-vessel.ey.r.appspot.com/jobb/fonts/flaticon/font/Flaticond41d.eot]
[theme-vessel-templates.theme-vessel.ey.r.appspot.com/jobb/fonts/flaticon/font/Flaticon.woff2]
[theme-vessel-templates.theme-vessel.ey.r.appspot.com/jobb/fonts/flaticon/font/Flaticon.woff]
[theme-vessel-templates.theme-vessel.ey.r.appspot.com/jobb/fonts/flaticon/font/Flaticon.ttf]
[theme-vessel-templates.theme-vessel.ey.r.appspot.com/jobb/fonts/flaticon/font/flaticon.css]
[theme-vessel-templates.theme-vessel.ey.r.appspot.com/jobb/fonts/flaticon/font/Flaticon.svg]
[theme-vessel-templates.theme-vessel.ey.r.appspot.com/jobb/fonts/linearicons/fonts/Linearicons-Free54e9.eot]
[theme-vessel-templates.theme-vessel.ey.r.appspot.com/jobb/fonts/linearicons/fonts/Linearicons-Freed41d.eot]
[theme-vessel-templates.theme-vessel.ey.r.appspot.com/jobb/fonts/linearicons/fonts/Linearicons-Free54e9.woff2]
[theme-vessel-templates.theme-vessel.ey.r.appspot.com/jobb/fonts/linearicons/fonts/Linearicons-Free54e9.woff]
[theme-vessel-templates.theme-vessel.ey.r.appspot.com/jobb/fonts/linearicons/fonts/Linearicons-Free54e9.ttf]
[theme-vessel-templates.theme-vessel.ey.r.appspot.com/jobb/fonts/linearicons/style.css]
[theme-vessel-templates.theme-vessel.ey.r.appspot.com/jobb/css/jquery.mCustomScrollbar.css]
[theme-vessel-templates.theme-vessel.ey.r.appspot.com/jobb/css/dropzone.css]
[theme-vessel-templates.theme-vessel.ey.r.appspot.com/jobb/css/slick.css]
[theme-vessel-templates.theme-vessel.ey.r.appspot.com/jobb/fonts/linearicons/fonts/Linearicons-Free54e9.svg]
[theme-vessel-templates.theme-vessel.ey.r.appspot.com/jobb/img/bg-img-2.jpg]
[theme-vessel-templates.theme-vessel.ey.r.appspot.com/jobb/img/bg-img.jpg]
[theme-vessel-templates.theme-vessel.ey.r.appspot.com/jobb/img/intro.jpg]
[theme-vessel-templates.theme-vessel.ey.r.appspot.com/jobb/img/banner/banner-3.jpg]
[theme-vessel-templates.theme-vessel.ey.r.appspot.com/jobb/img/loader.gif]
[theme-vessel-templates.theme-vessel.ey.r.appspot.com/jobb/css/style.css]
[theme-vessel-templates.theme-vessel.ey.r.appspot.com/jobb/css/skins/midnight-blue.css]
[theme-vessel-templates.theme-vessel.ey.r.appspot.com/jobb/css/ie10-viewport-bug-workaround.css]
[theme-vessel-templates.theme-vessel.ey.r.appspot.com/jobb/index-2.html]
[www.google-analytics.com/analytics.js]
[theme-vessel-templates.theme-vessel.ey.r.appspot.com/jobb/index-3.html]
[theme-vessel-templates.theme-vessel.ey.r.appspot.com/jobb/index-4.html]
[theme-vessel-templates.theme-vessel.ey.r.appspot.com/jobb/candidate-list.html]
[theme-vessel-templates.theme-vessel.ey.r.appspot.com/jobb/img/gallery/img-2.jpg]
[theme-vessel-templates.theme-vessel.ey.r.appspot.com/jobb/img/gallery/img-3.jpg]
[theme-vessel-templates.theme-vessel.ey.r.appspot.com/jobb/img/gallery/img-1.jpg]
[theme-vessel-templates.theme-vessel.ey.r.appspot.com/jobb/img/gallery/img-4.jpg]
[theme-vessel-templates.theme-vessel.ey.r.appspot.com/jobb/candidate-details.html]
[theme-vessel-templates.theme-vessel.ey.r.appspot.com/jobb/add-resume.html]
[theme-vessel-templates.theme-vessel.ey.r.appspot.com/jobb/change-password.html]
[theme-vessel-templates.theme-vessel.ey.r.appspot.com/jobb/employer-dashboard-change-password.html]
[theme-vessel-templates.theme-vessel.ey.r.appspot.com/jobb/img/avatar/avatar-5.jpg]
[theme-vessel-templates.theme-vessel.ey.r.appspot.com/jobb/employer-dashboard.html]
[theme-vessel-templates.theme-vessel.ey.r.appspot.com/jobb/dashboard.html]
[theme-vessel-templates.theme-vessel.ey.r.appspot.com/jobb/img/avatar/avatar-6.jpg]
[theme-vessel-templates.theme-vessel.ey.r.appspot.com/jobb/edit-profile.html]
[theme-vessel-templates.theme-vessel.ey.r.appspot.com/jobb/bookmark.html]
[theme-vessel-templates.theme-vessel.ey.r.appspot.com/jobb/applied.html]
[theme-vessel-templates.theme-vessel.ey.r.appspot.com/jobb/messages.html]
[theme-vessel-templates.theme-vessel.ey.r.appspot.com/jobb/alerts.html]
[theme-vessel-templates.theme-vessel.ey.r.appspot.com/jobb/transaction.html]
[theme-vessel-templates.theme-vessel.ey.r.appspot.com/jobb/employer-list.html]
[theme-vessel-templates.theme-vessel.ey.r.appspot.com/jobb/employer-details.html]
[theme-vessel-templates.theme-vessel.ey.r.appspot.com/jobb/employer-dashboard-post-job.html]
[theme-vessel-templates.theme-vessel.ey.r.appspot.com/jobb/employer-dashboard-edit-profile.html]
[theme-vessel-templates.theme-vessel.ey.r.appspot.com/jobb/employer-dashboard-manage-job.html]
[theme-vessel-templates.theme-vessel.ey.r.appspot.com/jobb/employer-dashboard-manage-candidate.html]
[theme-vessel-templates.theme-vessel.ey.r.appspot.com/jobb/employer-dashboard-messages.html]
[theme-vessel-templates.theme-vessel.ey.r.appspot.com/jobb/employer-dashboard-transaction.html]
[theme-vessel-templates.theme-vessel.ey.r.appspot.com/jobb/job-list.html]
[theme-vessel-templates.theme-vessel.ey.r.appspot.com/jobb/job-details.html]
[theme-vessel-templates.theme-vessel.ey.r.appspot.com/jobb/about.html]
[theme-vessel-templates.theme-vessel.ey.r.appspot.com/jobb/pricing-plan.html]
[theme-vessel-templates.theme-vessel.ey.r.appspot.com/jobb/terms-and-condition.html]
[theme-vessel-templates.theme-vessel.ey.r.appspot.com/jobb/img/work/work-3.png]
[theme-vessel-templates.theme-vessel.ey.r.appspot.com/jobb/img/work/work-4.png]
[theme-vessel-templates.theme-vessel.ey.r.appspot.com/jobb/img/work/work-2.png]
[theme-vessel-templates.theme-vessel.ey.r.appspot.com/jobb/how-it-work.html]
[theme-vessel-templates.theme-vessel.ey.r.appspot.com/jobb/img/black-logo.png]
[theme-vessel-templates.theme-vessel.ey.r.appspot.com/jobb/invoices.html]
[theme-vessel-templates.theme-vessel.ey.r.appspot.com/jobb/contact.html]
[theme-vessel-templates.theme-vessel.ey.r.appspot.com/jobb/gallery.html]
[theme-vessel-templates.theme-vessel.ey.r.appspot.com/jobb/typography.html]
[theme-vessel-templates.theme-vessel.ey.r.appspot.com/jobb/img/payment.png]
[theme-vessel-templates.theme-vessel.ey.r.appspot.com/jobb/checkout.html]
[theme-vessel-templates.theme-vessel.ey.r.appspot.com/jobb/faq.html]
[theme-vessel-templates.theme-vessel.ey.r.appspot.com/jobb/payment.html]
[theme-vessel-templates.theme-vessel.ey.r.appspot.com/jobb/icon.html]
[theme-vessel-templates.theme-vessel.ey.r.appspot.com/jobb/coming-soon.html]
[theme-vessel-templates.theme-vessel.ey.r.appspot.com/jobb/forgot-password.html]
[theme-vessel-templates.theme-vessel.ey.r.appspot.com/jobb/login.html]
[theme-vessel-templates.theme-vessel.ey.r.appspot.com/jobb/404.html]
[theme-vessel-templates.theme-vessel.ey.r.appspot.com/jobb/signup.html]
[theme-vessel-templates.theme-vessel.ey.r.appspot.com/jobb/img/recent-listing/img-1.jpg]
[theme-vessel-templates.theme-vessel.ey.r.appspot.com/jobb/img/recent-listing/img-2.jpg]
[theme-vessel-templates.theme-vessel.ey.r.appspot.com/jobb/img/recent-listing/img-3.jpg]
[theme-vessel-templates.theme-vessel.ey.r.appspot.com/jobb/blog-columns-1.html]
[theme-vessel-templates.theme-vessel.ey.r.appspot.com/jobb/blog-columns-2.html]
[theme-vessel-templates.theme-vessel.ey.r.appspot.com/jobb/blog-columns-3.html]
[theme-vessel-templates.theme-vessel.ey.r.appspot.com/jobb/blog-details.html]
[theme-vessel-templates.theme-vessel.ey.r.appspot.com/jobb/pricing-tables.html]
[theme-vessel-templates.theme-vessel.ey.r.appspot.com/jobb/css/images/layers.html]
[theme-vessel-templates.theme-vessel.ey.r.appspot.com/jobb/css/images/layers-2x.html]
[theme-vessel-templates.theme-vessel.ey.r.appspot.com/jobb/fonts/font-awesome/fonts/fontawesome-webfont3e6e.svg]
[theme-vessel-templates.theme-vessel.ey.r.appspot.com/jobb/fonts/flaticon/font/Flaticon.svg]
[theme-vessel-templates.theme-vessel.ey.r.appspot.com/jobb/fonts/linearicons/fonts/Linearicons-Free54e9.svg]
[theme-vessel-templates.theme-vessel.ey.r.appspot.com/jobb/css/mCSB_buttons.html]
[theme-vessel-templates.theme-vessel.ey.r.appspot.com/jobb/img/banner/banner-1.html]
[theme-vessel-templates.theme-vessel.ey.r.appspot.com/jobb/img/popular-places/popular-places-1.html]
[theme-vessel-templates.theme-vessel.ey.r.appspot.com/jobb/img/popular-places/popular-places-2.html]
[theme-vessel-templates.theme-vessel.ey.r.appspot.com/jobb/img/popular-places/popular-places-3.html]
[theme-vessel-templates.theme-vessel.ey.r.appspot.com/jobb/img/popular-places/popular-places-4.html]
[theme-vessel-templates.theme-vessel.ey.r.appspot.com/jobb/img/popular-places/popular-places-5.html]
[theme-vessel-templates.theme-vessel.ey.r.appspot.com/jobb/img/listings-parallax.html]
[theme-vessel-templates.theme-vessel.ey.r.appspot.com/jobb/img/slider-detail.html]
[theme-vessel-templates.theme-vessel.ey.r.appspot.com/jobb/change-password.html]
[theme-vessel-templates.theme-vessel.ey.r.appspot.com/jobb/employer-dashboard-change-password.html]
[theme-vessel-templates.theme-vessel.ey.r.appspot.com/jobb/list-sidebar.html]
[theme-vessel-templates.theme-vessel.ey.r.appspot.com/jobb/grid-sidebar.html]
[theme-vessel-templates.theme-vessel.ey.r.appspot.com/jobb/payment.html]
[theme-vessel-templates.theme-vessel.ey.r.appspot.com/jobb/forgot-password.html]
[theme-vessel-templates.theme-vessel.ey.r.appspot.com/jobb/signup.html]
